== M01
saved /home/user/counter-app/dolomites-guide-2027/images/maps/M01.png
== M02
saved /home/user/counter-app/dolomites-guide-2027/images/maps/M02.png
== M03
saved /home/user/counter-app/dolomites-guide-2027/images/maps/M03.png
== M04
saved /home/user/counter-app/dolomites-guide-2027/images/maps/M04.png
== M05
saved /home/user/counter-app/dolomites-guide-2027/images/maps/M05.png
== M06
   no path between (12.2227, 46.7332) (12.231017, 46.6301977) snap distances 29 245
saved /home/user/counter-app/dolomites-guide-2027/images/maps/M06.png
== M07
saved /home/user/counter-app/dolomites-guide-2027/images/maps/M07.png
== M08
saved /home/user/counter-app/dolomites-guide-2027/images/maps/M08.png
== M09
saved /home/user/counter-app/dolomites-guide-2027/images/maps/M09.png
== M10
saved /home/user/counter-app/dolomites-guide-2027/images/maps/M10.png
== M11
   !! poi not found: Schlernhaus|Rifugio Bolzano
  !! no coordinates: Schlernhaus
saved /home/user/counter-app/dolomites-guide-2027/images/maps/M11.png
== M12
  !! no coordinates: Valparola
saved /home/user/counter-app/dolomites-guide-2027/images/maps/M12.png
