ok C03a CC BY-SA 3.0
FAILED C03c cannot identify image file '/home/user/counter-app/dolomites-guide-2027/images/original/C03c.jpg'
FAILED C04a cannot identify image file '/home/user/counter-app/dolomites-guide-2027/images/original/C04a.jpg'
ok C02s CC BY-SA 4.0
ok C06b CC BY 3.0
ok C04b CC BY 2.0
ok C04c CC BY 3.0
ok C07b CC BY-SA 4.0
ok C07c CC BY-SA 3.0
ok C07d CC BY-SA 4.0
ok C07e CC BY-SA 3.0
ok C01a CC BY-SA 3.0
ok C01b CC BY 3.0
ok C02w CC BY-SA 3.0
ok C02p CC BY-SA 4.0
ok C02m CC BY 4.0
ok C03b CC0
ok C03d CC BY-SA 4.0
ok C06c CC BY-SA 3.0
ok C07a CC BY-SA 3.0
ok C08f CC0
ok C09g CC BY-SA 4.0
ok C09d CC BY-SA 4.0
ok C10a CC BY 2.0
ok C10b CC BY 3.0
ok C10d CC BY 3.0
ok C11a CC BY 3.0
ok C08a CC BY 2.0
ok C08b CC BY 3.0
ok C04d CC BY 4.0
ok C05a CC BY 3.0
ok C06a CC BY-SA 3.0
ok C08c CC BY-SA 4.0
ok C08d CC BY-SA 3.0
ok C08e CC BY-SA 3.0
ok C08g CC BY-SA 4.0
ok C09a CC BY 2.5
ok C09b CC0
ok C09c CC BY 4.0
ok C17b CC BY-SA 3.0
ok C09e CC BY 3.0
ok C09f CC BY-SA 4.0
ok C10c CC BY-SA 4.0
ok C10e CC BY-SA 3.0
ok C10g CC BY 3.0
ok C10h CC BY 4.0
ok C11b CC BY 4.0
ok C11c CC BY 3.0
ok C11f CC BY 3.0
ok C11d CC BY 4.0
ok C11e CC BY-SA 4.0
ok C12a CC BY-SA 2.0
ok C12c CC BY-SA 3.0
ok C12d CC BY 4.0
ok C12e Public domain
ok C12f Public domain
ok C14a CC BY 3.0
ok C13b CC BY-SA 3.0
ok C15a CC BY 2.0
ok C15b Public domain
