COVER  0 candidates {'PD': 0, 'BY': 0, 'BY-SA': 0}
C01a   8 candidates {'PD': 0, 'BY': 0, 'BY-SA': 8}
C01b   8 candidates {'PD': 4, 'BY': 1, 'BY-SA': 3}
C02s   1 candidates {'PD': 0, 'BY': 0, 'BY-SA': 1}
C02a   0 candidates {'PD': 0, 'BY': 0, 'BY-SA': 0}
C02w   8 candidates {'PD': 1, 'BY': 0, 'BY-SA': 7}
C02p   3 candidates {'PD': 1, 'BY': 0, 'BY-SA': 2}
C02m   8 candidates {'PD': 0, 'BY': 8, 'BY-SA': 0}
C03a   6 candidates {'PD': 0, 'BY': 0, 'BY-SA': 6}
C03b   8 candidates {'PD': 2, 'BY': 1, 'BY-SA': 5}
C03c   6 candidates {'PD': 0, 'BY': 1, 'BY-SA': 5}
C03d   6 candidates {'PD': 0, 'BY': 0, 'BY-SA': 6}
C04a   6 candidates {'PD': 0, 'BY': 0, 'BY-SA': 6}
C04b   2 candidates {'PD': 0, 'BY': 2, 'BY-SA': 0}
C04c   4 candidates {'PD': 1, 'BY': 2, 'BY-SA': 1}
C04d   0 candidates {'PD': 0, 'BY': 0, 'BY-SA': 0}
C05a   0 candidates {'PD': 0, 'BY': 0, 'BY-SA': 0}
C06a   6 candidates {'PD': 1, 'BY': 0, 'BY-SA': 5}
C06b   6 candidates {'PD': 0, 'BY': 5, 'BY-SA': 1}
C06c   6 candidates {'PD': 0, 'BY': 0, 'BY-SA': 6}
C07a   8 candidates {'PD': 1, 'BY': 0, 'BY-SA': 7}
C07b   6 candidates {'PD': 0, 'BY': 0, 'BY-SA': 6}
C07c   6 candidates {'PD': 0, 'BY': 0, 'BY-SA': 6}
C07d   6 candidates {'PD': 0, 'BY': 2, 'BY-SA': 4}
C07e   6 candidates {'PD': 1, 'BY': 0, 'BY-SA': 5}
C07f   0 candidates {'PD': 0, 'BY': 0, 'BY-SA': 0}
C08a   6 candidates {'PD': 0, 'BY': 3, 'BY-SA': 3}
C08b   6 candidates {'PD': 0, 'BY': 3, 'BY-SA': 3}
C08c   0 candidates {'PD': 0, 'BY': 0, 'BY-SA': 0}
